// Code generated by jsg. DO NOT EDIT.

package schema
