package schema

type Ref struct {
	String string
	Sub    *Inner
}
